#-----------------------------------------------------------
# Vivado v2022.1 (64-bit)
# SW Build 3526262 on Mon Apr 18 15:48:16 MDT 2022
# IP Build 3524634 on Mon Apr 18 20:55:01 MDT 2022
# Start of session at: Thu Oct  6 22:13:19 2022
# Process ID: 21424
# Current directory: C:/Studier/IST/DDS/GIT/DDS1-Lisboa/lab_1_gr_13
# Command line: vivado.exe -gui_launcher_event rodinguilauncherevent15156 C:\Studier\IST\DDS\GIT\DDS1-Lisboa\lab_1_gr_13\Lab1.xpr
# Log file: C:/Studier/IST/DDS/GIT/DDS1-Lisboa/lab_1_gr_13/vivado.log
# Journal file: C:/Studier/IST/DDS/GIT/DDS1-Lisboa/lab_1_gr_13\vivado.jou
# Running On: DESKTOP-SAB7C30, OS: Windows, CPU Frequency: 2592 MHz, CPU Physical cores: 6, Host memory: 16951 MB
#-----------------------------------------------------------
start_gui
open_project C:/Studier/IST/DDS/GIT/DDS1-Lisboa/lab_1_gr_13/Lab1.xpr
update_compile_order -fileset sources_1
archive_project C:/Studier/IST/DDS/lab1/L1.xpr.zip -temp_dir C:/Studier/IST/DDS/GIT/DDS1-Lisboa/lab_1_gr_13/.Xil/Vivado-21424-DESKTOP-SAB7C30 -force -exclude_run_results
