#-----------------------------------------------------------
# Vivado v2022.1 (64-bit)
# SW Build 3526262 on Mon Apr 18 15:48:16 MDT 2022
# IP Build 3524634 on Mon Apr 18 20:55:01 MDT 2022
# Start of session at: Fri Oct 28 15:37:29 2022
# Process ID: 8960
# Current directory: C:/Studier/IST/DDS/GIT/DDS1-Lisboa/lab_3_gr_13/L3
# Command line: vivado.exe -gui_launcher_event rodinguilauncherevent5440 C:\Studier\IST\DDS\GIT\DDS1-Lisboa\lab_3_gr_13\L3\L3.xpr
# Log file: C:/Studier/IST/DDS/GIT/DDS1-Lisboa/lab_3_gr_13/L3/vivado.log
# Journal file: C:/Studier/IST/DDS/GIT/DDS1-Lisboa/lab_3_gr_13/L3\vivado.jou
# Running On: DESKTOP-SAB7C30, OS: Windows, CPU Frequency: 2592 MHz, CPU Physical cores: 6, Host memory: 16951 MB
#-----------------------------------------------------------
start_gui
open_project C:/Studier/IST/DDS/GIT/DDS1-Lisboa/lab_3_gr_13/L3/L3.xpr
update_compile_order -fileset sources_1
set_property is_enabled true [get_files  C:/Studier/IST/DDS/GIT/DDS1-Lisboa/lab_3_gr_13/L3/L3.srcs/sources_1/new/control.vhd]
update_compile_order -fileset sources_1
