#-----------------------------------------------------------
# Vivado v2022.1 (64-bit)
# SW Build 3526262 on Mon Apr 18 15:48:16 MDT 2022
# IP Build 3524634 on Mon Apr 18 20:55:01 MDT 2022
# Start of session at: Thu Oct 20 13:04:08 2022
# Process ID: 14704
# Current directory: C:/Studier/IST/DDS/GIT/DDS1-Lisboa/lab_2_gr_13/Lab2
# Command line: vivado.exe -gui_launcher_event rodinguilauncherevent17668 C:\Studier\IST\DDS\GIT\DDS1-Lisboa\lab_2_gr_13\Lab2\Lab2.xpr
# Log file: C:/Studier/IST/DDS/GIT/DDS1-Lisboa/lab_2_gr_13/Lab2/vivado.log
# Journal file: C:/Studier/IST/DDS/GIT/DDS1-Lisboa/lab_2_gr_13/Lab2\vivado.jou
# Running On: DESKTOP-SAB7C30, OS: Windows, CPU Frequency: 2592 MHz, CPU Physical cores: 6, Host memory: 16951 MB
#-----------------------------------------------------------
start_gui
open_project C:/Studier/IST/DDS/GIT/DDS1-Lisboa/lab_2_gr_13/Lab2/Lab2.xpr
launch_simulation -mode post-implementation -type timing
source circuit_tb.tcl
open_run synth_1 -name synth_1
current_design impl_1
synth_design -rtl -rtl_skip_mlo -name rtl_1
close_sim
launch_simulation -mode post-implementation -type timing
source circuit_tb.tcl
launch_simulation
source circuit_tb.tcl
current_sim simulation_2
close_sim
launch_simulation -mode post-implementation -type timing
close_sim
